exports[`<Welcome /> matches rendered snapshot 1`] = `
<div>
  Welcome
</div>
`;
